BL51 BANKED LINKER/LOCATER V6.22.2.0                                                    07/07/2022  13:20:49  PAGE 1


BL51 BANKED LINKER/LOCATER V6.22.2.0, INVOKED BY:
D:\PRACTICE\C51\BIN\BL51.EXE .\Objects\test.obj TO .\Objects\test PRINT (.\Listings\test.m51)


MEMORY MODEL: SMALL


INPUT MODULES INCLUDED:
  .\Objects\test.obj (TEST)
  D:\PRACTICE\C51\LIB\C51S.LIB (?C_STARTUP)
  D:\PRACTICE\C51\LIB\C51S.LIB (?C?SIDIV)
  D:\PRACTICE\C51\LIB\C51S.LIB (?C_INIT)
  D:\PRACTICE\C51\LIB\C51S.LIB (?C?UIDIV)


LINK MAP OF MODULE:  .\Objects\test (TEST)


            TYPE    BASE      LENGTH    RELOCATION   SEGMENT NAME
            -----------------------------------------------------

            * * * * * * *   D A T A   M E M O R Y   * * * * * * *
            REG     0000H     0008H     ABSOLUTE     "REG BANK 0"
            DATA    0008H     000EH     UNIT         ?DT?TEST
            DATA    0016H     0006H     UNIT         _DATA_GROUP_
            IDATA   001CH     0001H     UNIT         ?STACK

            * * * * * * *   C O D E   M E M O R Y   * * * * * * *
            CODE    0000H     0003H     ABSOLUTE     
            CODE    0003H     0003H     ABSOLUTE     
                    0006H     0005H                  *** GAP ***
            CODE    000BH     0003H     ABSOLUTE     
                    000EH     07F2H                  *** GAP ***
            CODE    0800H     00DDH     UNIT         ?PR?TIMER0_ISR?TEST
            CODE    08DDH     00AAH     UNIT         ?PR?PHASE_UPDATE?TEST
            CODE    0987H     008CH     UNIT         ?C_C51STARTUP
            CODE    0A13H     008BH     UNIT         ?C?LIB_CODE
            CODE    0A9EH     0078H     UNIT         ?PR?INT0_ISR?TEST
            CODE    0B16H     0055H     UNIT         ?PR?PHASE_CLEAR?TEST
            CODE    0B6BH     004EH     UNIT         ?PR?PHASE_INIT?TEST
            CODE    0BB9H     0039H     UNIT         ?PR?_SHOW_LED_1?TEST
            CODE    0BF2H     0035H     UNIT         ?PR?_SHOW_LED_2?TEST
            CODE    0C27H     0033H     UNIT         ?PR?_DELAY?TEST
            CODE    0C5AH     0025H     UNIT         ?PR?PHASE_CALL?TEST
            CODE    0C7FH     0021H     UNIT         ?PR?MAIN?TEST
            CODE    0CA0H     001DH     UNIT         ?C_INITSEG
            CODE    0CBDH     001CH     UNIT         ?PR?_GREEN_ON?TEST
            CODE    0CD9H     001AH     UNIT         ?PR?_RED_OFF?TEST
            CODE    0CF3H     0018H     UNIT         ?PR?_RED_ON?TEST
            CODE    0D0BH     0014H     UNIT         ?PR?_STOP_ON?TEST
            CODE    0D1FH     0014H     UNIT         ?PR?PHASE_3?TEST
            CODE    0D33H     0013H     UNIT         ?PR?_WALK_ON?TEST
            CODE    0D46H     0013H     UNIT         ?PR?_STOP_OFF?TEST
            CODE    0D59H     0012H     UNIT         ?PR?_YELLOW_ON?TEST
            CODE    0D6BH     0012H     UNIT         ?PR?_WALK_OFF?TEST
            CODE    0D7DH     0012H     UNIT         ?PR?_TOGGLE_WALK?TEST
            CODE    0D8FH     0011H     UNIT         ?PR?_YELLOW_OFF?TEST
            CODE    0DA0H     0011H     UNIT         ?PR?_GREEN_OFF?TEST
BL51 BANKED LINKER/LOCATER V6.22.2.0                                                  07/07/2022  13:20:49  PAGE 2


            CODE    0DB1H     0011H     UNIT         ?PR?_TOGGLE_YELLOW?TEST
            CODE    0DC2H     0010H     UNIT         ?PR?DELAY_10MS?TEST
            CODE    0DD2H     0010H     UNIT         ?PR?PHASE_1?TEST
            CODE    0DE2H     000AH     UNIT         ?PR?PHASE_2?TEST
            CODE    0DECH     000AH     UNIT         ?PR?PHASE_4?TEST
            CODE    0DF6H     0006H     UNIT         ?PR?MODE_1?TEST



OVERLAY MAP OF MODULE:   .\Objects\test (TEST)


SEGMENT                           DATA_GROUP 
  +--> CALLED SEGMENT           START    LENGTH
-----------------------------------------------
?PR?INT0_ISR?TEST               -----    -----
  +--> ?PR?PHASE_CLEAR?TEST
  +--> ?PR?_YELLOW_OFF?TEST
  +--> ?PR?PHASE_INIT?TEST

?PR?PHASE_CLEAR?TEST            -----    -----
  +--> ?PR?_RED_OFF?TEST
  +--> ?PR?_WALK_OFF?TEST
  +--> ?PR?_GREEN_OFF?TEST
  +--> ?PR?_STOP_OFF?TEST
  +--> ?PR?_YELLOW_OFF?TEST

?PR?_RED_OFF?TEST               -----    -----
  +--> ?PR?_YELLOW_OFF?TEST
  +--> ?PR?_STOP_OFF?TEST

?PR?PHASE_INIT?TEST             -----    -----
  +--> ?PR?_GREEN_ON?TEST
  +--> ?PR?_RED_ON?TEST
  +--> ?PR?_STOP_ON?TEST
  +--> ?PR?_YELLOW_ON?TEST
  +--> ?PR?_WALK_ON?TEST

?PR?_GREEN_ON?TEST              -----    -----
  +--> ?PR?_RED_ON?TEST
  +--> ?PR?_WALK_ON?TEST

?PR?_RED_ON?TEST                -----    -----
  +--> ?PR?_STOP_ON?TEST

*** NEW ROOT ***************************************************

?PR?TIMER0_ISR?TEST             -----    -----
  +--> ?PR?_WALK_ON?TEST
  +--> ?PR?_WALK_OFF?TEST
  +--> ?PR?_TOGGLE_YELLOW?TEST

*** NEW ROOT ***************************************************

?C_C51STARTUP                   -----    -----
  +--> ?PR?MAIN?TEST
  +--> ?C_INITSEG
BL51 BANKED LINKER/LOCATER V6.22.2.0                                                  07/07/2022  13:20:49  PAGE 3



?PR?MAIN?TEST                   -----    -----
  +--> ?PR?PHASE_INIT?TEST
  +--> ?PR?MODE_1?TEST

?PR?MODE_1?TEST                 -----    -----
  +--> ?PR?PHASE_UPDATE?TEST
  +--> ?PR?PHASE_CALL?TEST

?PR?PHASE_UPDATE?TEST           -----    -----
  +--> ?PR?_WALK_OFF?TEST
  +--> ?PR?_STOP_ON?TEST
  +--> ?PR?_GREEN_OFF?TEST
  +--> ?PR?_YELLOW_ON?TEST
  +--> ?PR?_RED_OFF?TEST
  +--> ?PR?_YELLOW_OFF?TEST
  +--> ?PR?_STOP_OFF?TEST
  +--> ?PR?_GREEN_ON?TEST
  +--> ?PR?_RED_ON?TEST
  +--> ?PR?_WALK_ON?TEST

?PR?PHASE_CALL?TEST             -----    -----
  +--> ?PR?PHASE_1?TEST
  +--> ?PR?PHASE_2?TEST
  +--> ?PR?PHASE_3?TEST
  +--> ?PR?PHASE_4?TEST

?PR?PHASE_1?TEST                -----    -----
  +--> ?PR?_SHOW_LED_1?TEST
  +--> ?PR?_SHOW_LED_2?TEST

?PR?_SHOW_LED_1?TEST            0016H    0002H
  +--> ?PR?_DELAY?TEST

?PR?_DELAY?TEST                 0018H    0004H
  +--> ?PR?DELAY_10MS?TEST

?PR?_SHOW_LED_2?TEST            0016H    0002H
  +--> ?PR?_DELAY?TEST

?PR?PHASE_2?TEST                -----    -----
  +--> ?PR?_SHOW_LED_1?TEST
  +--> ?PR?_SHOW_LED_2?TEST

?PR?PHASE_3?TEST                -----    -----
  +--> ?PR?_SHOW_LED_1?TEST
  +--> ?PR?_SHOW_LED_2?TEST

?PR?PHASE_4?TEST                -----    -----
  +--> ?PR?_SHOW_LED_1?TEST
  +--> ?PR?_SHOW_LED_2?TEST



SYMBOL TABLE OF MODULE:  .\Objects\test (TEST)

  VALUE           TYPE          NAME
BL51 BANKED LINKER/LOCATER V6.22.2.0                                                  07/07/2022  13:20:49  PAGE 4


  ----------------------------------

  -------         MODULE        TEST
  C:0000H         SYMBOL        _ICE_DUMMY_
  C:0B16H         PUBLIC        phase_clear
  D:0008H         PUBLIC        second
  D:0080H         PUBLIC        P0
  D:0090H         PUBLIC        P1
  D:00A0H         PUBLIC        P2
  D:00B0H         PUBLIC        P3
  C:0800H         PUBLIC        Timer0_ISR
  C:0DB1H         PUBLIC        _toggle_yellow
  C:0D0BH         PUBLIC        _stop_on
  D:00A8H         PUBLIC        IE
  C:0C2BH         PUBLIC        _delay
  C:0C5AH         PUBLIC        phase_call
  D:000AH         PUBLIC        green
  D:000CH         PUBLIC        phase
  C:0D7DH         PUBLIC        _toggle_walk
  D:000EH         PUBLIC        yellow
  C:0DD2H         PUBLIC        phase_1
  C:0DE2H         PUBLIC        phase_2
  C:0C7FH         PUBLIC        main
  C:0D1FH         PUBLIC        phase_3
  D:0010H         PUBLIC        mode
  C:0DECH         PUBLIC        phase_4
  C:0B6BH         PUBLIC        phase_init
  C:0DA0H         PUBLIC        _green_off
  C:0DC2H         PUBLIC        delay_10ms
  D:0089H         PUBLIC        TMOD
  D:0088H         PUBLIC        TCON
  C:0DF6H         PUBLIC        mode_1
  D:0012H         PUBLIC        red
  C:0D8FH         PUBLIC        _yellow_off
  B:0088H.7       PUBLIC        TF1
  D:008CH         PUBLIC        TH0
  D:008DH         PUBLIC        TH1
  C:0D6BH         PUBLIC        _walk_off
  D:008AH         PUBLIC        TL0
  D:008BH         PUBLIC        TL1
  C:0CC7H         PUBLIC        _green_on
  B:0088H.4       PUBLIC        TR0
  B:0088H.6       PUBLIC        TR1
  C:0CE3H         PUBLIC        _red_off
  C:0D59H         PUBLIC        _yellow_on
  D:0014H         PUBLIC        ms
  C:0D46H         PUBLIC        _stop_off
  C:0A9EH         PUBLIC        INT0_ISR
  C:0BBDH         PUBLIC        _show_led_1
  C:0BF2H         PUBLIC        _show_led_2
  C:0D33H         PUBLIC        _walk_on
  C:0CFAH         PUBLIC        _red_on
  C:08DDH         PUBLIC        phase_update
  -------         PROC          L?0122
  -------         ENDPROC       L?0122
  -------         PROC          _RED_ON
  D:0006H         SYMBOL        x
BL51 BANKED LINKER/LOCATER V6.22.2.0                                                  07/07/2022  13:20:49  PAGE 5


  C:0CFAH         LINE#         37
  -------         ENDPROC       _RED_ON
  -------         PROC          _YELLOW_ON
  D:0006H         SYMBOL        x
  C:0D59H         LINE#         38
  -------         ENDPROC       _YELLOW_ON
  -------         PROC          L?0119
  -------         ENDPROC       L?0119
  -------         PROC          _GREEN_ON
  D:0006H         SYMBOL        x
  C:0CC7H         LINE#         39
  -------         ENDPROC       _GREEN_ON
  C:0CDCH         SYMBOL        L?0116
  -------         PROC          L?0115
  -------         ENDPROC       L?0115
  C:0CDCH         SYMBOL        L?0116
  -------         PROC          _RED_OFF
  D:0006H         SYMBOL        x
  C:0CE3H         LINE#         40
  -------         ENDPROC       _RED_OFF
  -------         PROC          _YELLOW_OFF
  D:0006H         SYMBOL        x
  C:0D8FH         LINE#         41
  -------         ENDPROC       _YELLOW_OFF
  -------         PROC          _GREEN_OFF
  D:0006H         SYMBOL        x
  C:0DA0H         LINE#         42
  -------         ENDPROC       _GREEN_OFF
  -------         PROC          _STOP_ON
  D:0006H         SYMBOL        x
  C:0D0BH         LINE#         43
  -------         ENDPROC       _STOP_ON
  -------         PROC          _WALK_ON
  D:0006H         SYMBOL        x
  C:0D33H         LINE#         44
  -------         ENDPROC       _WALK_ON
  -------         PROC          _STOP_OFF
  D:0006H         SYMBOL        x
  C:0D46H         LINE#         45
  -------         ENDPROC       _STOP_OFF
  -------         PROC          _WALK_OFF
  D:0006H         SYMBOL        x
  C:0D6BH         LINE#         46
  -------         ENDPROC       _WALK_OFF
  -------         PROC          _TOGGLE_YELLOW
  D:0006H         SYMBOL        x
  C:0DB1H         LINE#         47
  -------         ENDPROC       _TOGGLE_YELLOW
  -------         PROC          _TOGGLE_WALK
  D:0006H         SYMBOL        x
  C:0D7DH         LINE#         48
  -------         ENDPROC       _TOGGLE_WALK
  -------         PROC          MAIN
  C:0C7FH         LINE#         53
  C:0C7FH         LINE#         54
  C:0C7FH         LINE#         55
  C:0C82H         LINE#         56
BL51 BANKED LINKER/LOCATER V6.22.2.0                                                  07/07/2022  13:20:49  PAGE 6


  C:0C85H         LINE#         57
  C:0C88H         LINE#         58
  C:0C8BH         LINE#         59
  C:0C8EH         LINE#         60
  C:0C90H         LINE#         61
  C:0C93H         LINE#         62
  C:0C93H         LINE#         63
  C:0C9EH         LINE#         64
  -------         ENDPROC       MAIN
  -------         PROC          INT0_ISR
  C:0A9EH         LINE#         67
  C:0ABBH         LINE#         68
  C:0AC3H         LINE#         69
  C:0AC6H         LINE#         70
  C:0ACCH         LINE#         71
  C:0AD2H         LINE#         72
  C:0AD4H         LINE#         73
  C:0AD4H         LINE#         74
  C:0ADBH         LINE#         75
  C:0AE0H         LINE#         76
  C:0AE6H         LINE#         77
  C:0AECH         LINE#         78
  C:0AF2H         LINE#         79
  C:0AF8H         LINE#         80
  C:0AFBH         LINE#         81
  C:0AFBH         LINE#         82
  -------         ENDPROC       INT0_ISR
  -------         PROC          TIMER0_ISR
  C:0800H         LINE#         84
  C:080DH         LINE#         86
  C:080FH         LINE#         87
  C:0817H         LINE#         88
  C:0822H         LINE#         89
  C:0846H         LINE#         90
  C:0852H         LINE#         91
  C:0860H         LINE#         92
  C:0860H         LINE#         93
  C:086CH         LINE#         94
  C:0870H         LINE#         95
  C:0878H         LINE#         96
  C:0892H         LINE#         97
  C:089EH         LINE#         98
  C:08ACH         LINE#         99
  C:08ACH         LINE#         100
  C:08ACH         LINE#         101
  C:08AEH         LINE#         102
  C:08AEH         LINE#         103
  C:08B8H         LINE#         104
  C:08BFH         LINE#         105
  C:08C4H         LINE#         106
  C:08CAH         LINE#         107
  C:08CAH         LINE#         108
  C:08CAH         LINE#         109
  C:08CDH         LINE#         110
  C:08D0H         LINE#         111
  C:08D2H         LINE#         112
  -------         ENDPROC       TIMER0_ISR
BL51 BANKED LINKER/LOCATER V6.22.2.0                                                  07/07/2022  13:20:49  PAGE 7


  C:0BB9H         SYMBOL        L?0121
  -------         PROC          L?0120
  -------         ENDPROC       L?0120
  C:0BB9H         SYMBOL        L?0121
  -------         PROC          _SHOW_LED_1
  D:0002H         SYMBOL        time
  -------         DO            
  D:0082H         SYMBOL        a
  D:0016H         SYMBOL        b
  -------         ENDDO         
  C:0BBDH         LINE#         114
  C:0BC1H         LINE#         115
  C:0BC1H         LINE#         116
  C:0BD9H         LINE#         117
  C:0BDCH         LINE#         118
  C:0BDFH         LINE#         119
  C:0BE2H         LINE#         120
  C:0BE5H         LINE#         121
  C:0BE8H         LINE#         122
  C:0BEBH         LINE#         123
  C:0BEEH         LINE#         124
  C:0BF1H         LINE#         125
  -------         ENDPROC       _SHOW_LED_1
  -------         PROC          _SHOW_LED_2
  D:0002H         SYMBOL        time
  -------         DO            
  D:0082H         SYMBOL        a
  D:0016H         SYMBOL        b
  -------         ENDDO         
  C:0BF2H         LINE#         127
  C:0BF6H         LINE#         128
  C:0BF6H         LINE#         129
  C:0C0EH         LINE#         130
  C:0C11H         LINE#         131
  C:0C14H         LINE#         132
  C:0C17H         LINE#         133
  C:0C1AH         LINE#         134
  C:0C1DH         LINE#         135
  C:0C20H         LINE#         136
  C:0C23H         LINE#         137
  C:0C26H         LINE#         138
  -------         ENDPROC       _SHOW_LED_2
  C:0C27H         SYMBOL        L?0118
  -------         PROC          L?0117
  -------         ENDPROC       L?0117
  C:0C27H         SYMBOL        L?0118
  -------         PROC          _DELAY
  D:0006H         SYMBOL        time
  -------         DO            
  D:0018H         SYMBOL        i
  D:001AH         SYMBOL        n
  -------         ENDDO         
  C:0C2BH         LINE#         140
  C:0C2BH         LINE#         141
  C:0C2BH         LINE#         142
  C:0C36H         LINE#         143
  C:0C59H         LINE#         144
BL51 BANKED LINKER/LOCATER V6.22.2.0                                                  07/07/2022  13:20:49  PAGE 8


  -------         ENDPROC       _DELAY
  -------         PROC          DELAY_10MS
  C:0DC2H         LINE#         146
  C:0DC2H         LINE#         147
  C:0DC2H         LINE#         148
  C:0DC5H         LINE#         149
  C:0DC8H         LINE#         150
  C:0DCAH         LINE#         151
  C:0DCDH         LINE#         152
  C:0DCFH         LINE#         153
  C:0DD1H         LINE#         154
  -------         ENDPROC       DELAY_10MS
  -------         PROC          PHASE_INIT
  C:0B6BH         LINE#         156
  C:0B6BH         LINE#         157
  C:0B73H         LINE#         158
  C:0B76H         LINE#         159
  C:0B76H         LINE#         160
  C:0B79H         LINE#         161
  C:0B79H         LINE#         162
  C:0B7BH         LINE#         163
  C:0B83H         LINE#         164
  C:0B89H         LINE#         165
  C:0B8EH         LINE#         166
  C:0B93H         LINE#         167
  C:0B93H         LINE#         168
  C:0B95H         LINE#         169
  C:0B9FH         LINE#         170
  C:0BA3H         LINE#         171
  C:0BA3H         LINE#         172
  C:0BA6H         LINE#         173
  C:0BABH         LINE#         174
  C:0BABH         LINE#         175
  C:0BABH         LINE#         176
  C:0BB0H         LINE#         177
  C:0BB0H         LINE#         178
  C:0BB3H         LINE#         179
  C:0BB8H         LINE#         180
  C:0BB8H         LINE#         181
  -------         ENDPROC       PHASE_INIT
  -------         PROC          PHASE_CLEAR
  C:0B16H         LINE#         183
  C:0B16H         LINE#         184
  C:0B1EH         LINE#         185
  C:0B24H         LINE#         186
  C:0B29H         LINE#         187
  C:0B2EH         LINE#         188
  C:0B2EH         LINE#         189
  C:0B30H         LINE#         190
  C:0B38H         LINE#         191
  C:0B3EH         LINE#         192
  C:0B43H         LINE#         193
  C:0B48H         LINE#         194
  C:0B48H         LINE#         195
  C:0B4AH         LINE#         196
  C:0B54H         LINE#         197
  C:0B58H         LINE#         198
BL51 BANKED LINKER/LOCATER V6.22.2.0                                                  07/07/2022  13:20:49  PAGE 9


  C:0B58H         LINE#         199
  C:0B5BH         LINE#         200
  C:0B60H         LINE#         201
  C:0B60H         LINE#         202
  C:0B60H         LINE#         203
  C:0B62H         LINE#         204
  C:0B62H         LINE#         205
  C:0B65H         LINE#         206
  C:0B6AH         LINE#         207
  C:0B6AH         LINE#         208
  -------         ENDPROC       PHASE_CLEAR
  -------         PROC          PHASE_UPDATE
  C:08DDH         LINE#         211
  C:08DDH         LINE#         212
  C:08E5H         LINE#         213
  C:08F0H         LINE#         214
  C:08F5H         LINE#         215
  C:08FBH         LINE#         216
  C:0900H         LINE#         217
  C:0905H         LINE#         218
  C:090AH         LINE#         219
  C:090AH         LINE#         220
  C:090AH         LINE#         221
  C:0912H         LINE#         222
  C:0918H         LINE#         223
  C:091DH         LINE#         224
  C:0922H         LINE#         225
  C:0928H         LINE#         226
  C:092DH         LINE#         227
  C:0932H         LINE#         228
  C:0937H         LINE#         229
  C:093CH         LINE#         230
  C:0941H         LINE#         231
  C:0941H         LINE#         232
  C:0941H         LINE#         233
  C:0949H         LINE#         234
  C:0951H         LINE#         235
  C:0956H         LINE#         236
  C:095CH         LINE#         237
  C:0961H         LINE#         238
  C:0966H         LINE#         239
  C:096BH         LINE#         240
  C:096BH         LINE#         241
  C:096BH         LINE#         242
  C:096BH         LINE#         243
  C:0971H         LINE#         244
  C:0976H         LINE#         245
  C:097BH         LINE#         246
  C:097EH         LINE#         247
  C:097EH         LINE#         248
  C:0981H         LINE#         249
  C:0983H         LINE#         250
  C:0983H         LINE#         251
  C:0986H         LINE#         252
  C:0986H         LINE#         253
  C:0986H         LINE#         254
  -------         ENDPROC       PHASE_UPDATE
BL51 BANKED LINKER/LOCATER V6.22.2.0                                                  07/07/2022  13:20:49  PAGE 10


  -------         PROC          PHASE_1
  C:0DD2H         LINE#         256
  C:0DD2H         LINE#         257
  C:0DD5H         LINE#         258
  -------         ENDPROC       PHASE_1
  -------         PROC          PHASE_2
  C:0DE2H         LINE#         261
  C:0DE2H         LINE#         262
  C:0DE5H         LINE#         263
  -------         ENDPROC       PHASE_2
  -------         PROC          PHASE_3
  C:0D1FH         LINE#         266
  C:0D1FH         LINE#         267
  C:0D2CH         LINE#         268
  -------         ENDPROC       PHASE_3
  -------         PROC          PHASE_4
  C:0DECH         LINE#         271
  C:0DECH         LINE#         272
  C:0DEFH         LINE#         273
  -------         ENDPROC       PHASE_4
  -------         PROC          PHASE_CALL
  C:0C5AH         LINE#         276
  C:0C5AH         LINE#         277
  C:0C65H         LINE#         278
  C:0C70H         LINE#         279
  C:0C7BH         LINE#         280
  C:0C7EH         LINE#         281
  -------         ENDPROC       PHASE_CALL
  -------         PROC          MODE_1
  C:0DF6H         LINE#         283
  C:0DF6H         LINE#         284
  C:0DF9H         LINE#         285
  -------         ENDPROC       MODE_1
  -------         ENDMOD        TEST

  -------         MODULE        ?C?SIDIV
  C:0A13H         PUBLIC        ?C?SIDIV
  -------         ENDMOD        ?C?SIDIV

  -------         MODULE        ?C?UIDIV
  C:0A49H         PUBLIC        ?C?UIDIV
  -------         ENDMOD        ?C?UIDIV

*** WARNING L16: UNCALLED SEGMENT, IGNORED FOR OVERLAY PROCESS
    SEGMENT: ?PR?_TOGGLE_WALK?TEST

******************************************************************************
* RESTRICTED VERSION WITH 0800H BYTE CODE SIZE LIMIT; USED: 04EAH BYTE (61%) *
******************************************************************************

Program Size: data=29.0 xdata=0 code=1541
LINK/LOCATE RUN COMPLETE.  1 WARNING(S),  0 ERROR(S)
